qa/06-parse.log — todo 6 parse evidence: pytest over LIVE + provisional fixtures (fields / class_time[7] / quota ints / HKSCS 喆 / charset detection / both pagination variants / paging-link extraction / fused-room extraction)
cmd: cd backend && uv run pytest -o addopts= tests/test_catalog_parse.py tests/test_selcrs_big5hkscs.py tests/test_selcrs_charset.py tests/test_selcrs_encoding_fixtures.py -v   [2026-08-28 00:48:01 CST]
--------------------------------------------------------------------------------
tests/test_catalog_parse.py::test_provisional_page_fields PASSED         [  3%]
tests/test_catalog_parse.py::test_empty_page_is_zero_rows_without_pagination PASSED [  6%]
tests/test_catalog_parse.py::test_pagination_english_variant PASSED      [ 10%]
tests/test_catalog_parse.py::test_room_extraction_from_fused_time_cell PASSED [ 13%]
tests/test_catalog_parse.py::test_extract_page_link_exact_and_unquoted PASSED [ 17%]
tests/test_catalog_parse.py::test_extract_page_link_synthesizes_out_of_window_targets PASSED [ 20%]
tests/test_catalog_parse.py::test_extract_page_link_none_on_single_page PASSED [ 24%]
tests/test_catalog_parse.py::test_live_fixture_rows_and_charset PASSED   [ 27%]
tests/test_selcrs_big5hkscs.py::test_hkscs_only_character_round_trips_without_crash PASSED [ 31%]
tests/test_selcrs_big5hkscs.py::test_adapter_policy_is_big5hkscs_not_plain_big5 PASSED [ 34%]
tests/test_selcrs_big5hkscs.py::test_bad_bytes_degrade_to_replacement_char_and_decoding_continues PASSED [ 37%]
tests/test_selcrs_charset.py::test_header_charset_wins_over_meta_declaration PASSED [ 41%]
tests/test_selcrs_charset.py::test_header_charset_wins_over_heuristic PASSED [ 44%]
tests/test_selcrs_charset.py::test_unsane_header_charset_falls_through_to_meta PASSED [ 48%]
tests/test_selcrs_charset.py::test_header_without_charset_param_falls_through_to_meta PASSED [ 51%]
tests/test_selcrs_charset.py::test_meta_declaration_wins_when_header_absent PASSED [ 55%]
tests/test_selcrs_charset.py::test_meta_scan_is_case_insensitive_and_quote_tolerant PASSED [ 58%]
tests/test_selcrs_charset.py::test_meta_beyond_scan_window_is_ignored PASSED [ 62%]
tests/test_selcrs_charset.py::test_heuristic_selects_utf8_for_undeclared_utf8_bytes PASSED [ 65%]
tests/test_selcrs_charset.py::test_heuristic_falls_back_to_big5hkscs_for_undeclared_big5_bytes PASSED [ 68%]
tests/test_selcrs_charset.py::test_declared_big5_is_upgraded_and_hkscs_only_names_survive PASSED [ 72%]
tests/test_selcrs_charset.py::test_decode_body_honours_declared_utf8_exactly PASSED [ 75%]
tests/test_selcrs_charset.py::test_ascii_only_body_is_utf8_by_subset PASSED [ 79%]
tests/test_selcrs_encoding_fixtures.py::test_live_utf8_sso2_fail_fixture_classifies_credential_fail PASSED [ 82%]
tests/test_selcrs_encoding_fixtures.py::test_live_utf8_fail_fixture_under_old_policy_would_mojibake PASSED [ 86%]
tests/test_selcrs_encoding_fixtures.py::test_synthetic_big5_sso2_fail_fixture_classifies_credential_fail PASSED [ 89%]
tests/test_selcrs_encoding_fixtures.py::test_utf8_302_shape_classifies_success_and_is_not_followed PASSED [ 93%]
tests/test_selcrs_encoding_fixtures.py::test_big5_unknown_page_raises_selcrs_unavailable PASSED [ 96%]
tests/test_selcrs_encoding_fixtures.py::test_live_page_fixtures_detect_utf8_and_decode_clean PASSED [100%]
============================== 29 passed in 0.07s ==============================
