qa/08-lockout.log — todo 8 failure-path evidence: sliding-log lockout semantics
(Acceptance: 5 敗鎖定＋鎖內不延長/不入日誌；UNKNOWN 進熔斷不進鎖定；IP 30/h 固定整點窗)

PART 1 — mock-school scripted failure flow [2026-08-28 03:14 CST]
cmd: ... worker uv run --no-sync python -m scripts.qa08_mock_flows --scenario lockout
--------------------------------------------------------------------------------
 Container nsysu-crs-worker-run-ef81fb85f700 Creating 
 Container nsysu-crs-worker-run-ef81fb85f700 Created 
/app/.venv/lib/python3.12/site-packages/fastapi/testclient.py:1: StarletteDeprecationWarning: Using `httpx` with `starlette.testclient` is deprecated; install `httpx2` instead.
  from starlette.testclient import TestClient as TestClient  # noqa
[OK] 5x CREDENTIAL-FAIL -> 5x 401 :: [401, 401, 401, 401, 401]
[OK] fixed 15-min lock engaged after 5th failure :: ['loginlock:M153000024']
[OK] locked attempt -> local 429, NOT a school call, NOT appended to the log :: status=429 school_calls=5 log_entries=5
[OK] UNKNOWN -> 503, breaker streak +1, NEVER the account lockout :: status=503 streak=1

PART 2 — pytest (lockout/IP state machine + API-level lockout routing) [2026-08-28 03:14 CST]
cmd: ... pytest tests/test_auth_lockout.py tests/test_auth_api.py -v -k 'lockout or locked or lock or failure or ip_ or credential or success_never or wrong_password'
--------------------------------------------------------------------------------
tests/test_auth_lockout.py::test_failures_expire_individually PASSED     [  7%]
tests/test_auth_lockout.py::test_fifth_failure_locks_and_lock_is_fixed_and_unextending PASSED [ 15%]
tests/test_auth_lockout.py::test_window_returns_clean_after_lock_expires PASSED [ 23%]
tests/test_auth_lockout.py::test_lock_is_scoped_per_student PASSED       [ 30%]
tests/test_auth_lockout.py::test_ip_window_is_the_fixed_clock_hour PASSED [ 38%]
tests/test_auth_lockout.py::test_ip_buckets_are_per_ip PASSED            [ 46%]
tests/test_auth_api.py::test_me_roundtrip_and_logout_clears_everything PASSED [ 53%]
tests/test_auth_api.py::test_credential_fail_is_401_with_school_marker_and_no_session PASSED [ 61%]
tests/test_auth_api.py::test_wrong_password_and_no_such_student_are_indistinguishable PASSED [ 69%]
tests/test_auth_api.py::test_fifth_failure_locks_and_locked_attempts_never_reach_school PASSED [ 76%]
tests/test_auth_api.py::test_success_never_clears_the_failure_log PASSED [ 84%]
tests/test_auth_api.py::test_unknown_is_503_feeding_breaker_never_lockout PASSED [ 92%]
tests/test_auth_api.py::test_ip_limit_counts_every_attempt_in_the_clock_hour PASSED [100%]
================= 13 passed, 5 deselected, 4 warnings in 0.29s =================
