# qa/11-flow.log - todo 11 Playwright mock flows (stateful fake backend via route interception,
# real built frontend through Caddy; Brave headless, zero installs)
# date: 2026-08-28 04:49 CST
# driver: /tmp/qa11/mock_flows.mjs (playwright-core 1.62.1, throwaway, not committed)

[warn] login console.error: Failed to load resource: the server responded with a status of 401 (Unauthorized)
[OK] login page renders student id + password form
[OK] login flow has NO captcha field (exactly 2 inputs) :: inputs=2
[warn] login console.error: Failed to load resource: the server responded with a status of 401 (Unauthorized)
[OK] mock 401 -> 學號或密碼錯誤 :: 學號或密碼錯誤
[OK] guarded /plans reachable when authed; empty state shown
[OK] created 2 plans :: [{"id":"00000000-0000-4000-8000-000000000001","name":"志願A","is_primary":true,"item_count":0,"created_at":"2026-08-28T00:00:00+08:00","updated_at":null},{"id":"00000000-0000-4000-8000-000000000002","name":"志願B","is_primary":false,"item_count":3,"created_at":"2026-08-28T00:00:00+08:00","updated_at":null}]
[OK] switching plans hydrates B's 3 items :: rows=3
[OK] set primary unsets the other plan (exactly one)
[OK] drag reorder fires an autosave PUT
[OK] drag assigns priorities 1..N by new position :: [{"course":"22222222-2222-4222-8222-222222222222","priority":"1"},{"course":"11111111-1111-4111-8111-111111111111","priority":"2"},{"course":"33333333-3333-4333-8333-333333333333","priority":"3"}]
[OK] initial state shows 尚未同步
[OK] synced_at + diff counts visible :: （新增 6｜移除 1｜未變 0）
[OK] list grouped by 選上/登記加選/失敗 with badges :: {"選上":3,"登記加選":1,"失敗":2}
[OK] unknown rows keep a badge (quota-agnostic cards)
[warn] expired console.error: Failed to load resource: the server responded with a status of 401 (Unauthorized)
[warn] expired console.error: plans boot failed: ApiError: API 401: not_authenticated
[warn] expired console.error: Failed to load resource: the server responded with a status of 401 (Unauthorized)
[warn] expired console.error: plans boot failed: ApiError: API 401: not_authenticated
[OK] 401 while authed redirects to /login?reason=expired :: http://localhost/login?reason=expired
[OK] expired notice visible (distinct from required) :: 登入階段已過期，請重新登入。
[OK] reason param is stable after redirect :: http://localhost/login?reason=expired
ALL MOCK FLOW CHECKS PASSED

screenshots: qa/11-flow-login.png (401 error text), qa/11-flow-login-initial.png, qa/11-flow-plans.png (2 plans, 志願B primary, priorities 1..3 after drag), qa/11-flow-selected.png (diff + grouped states), qa/11-flow-selected-initial.png (尚未同步), qa/11-expired.png (401 while authed -> /login?reason=expired, stable)
