[DEFERRED-TO-WINDOW 2026-08-28 09:00]

todo 13 live evidence — GET /api/stage against a REAL session on the compose
app — is deferred: the 115-1 加退選一 window opens 2026-08-28 09:00 Asia/Taipei
(current run time 2026-08-28 05:24 CST, pre-window). The user runs the probe
personally once the window is open (their own credentials, memory-only,
masked output):

    docker compose -f deploy/docker-compose.yml up -d          # if not already up
    cd backend && uv run python ../scripts/stage_probe.py --creds-env <outside-repo env file, chmod 600>

Expected evidence to append below this marker: HTTP 200 + JSON
{stage, variant, params, need_confirmation, writable, reason, checked_at}.
During the open window the expected state is stage=加退選, variant=ssform,
writable=true (or need_confirmation=true if the school fronts the 必修課程確認
pre-step); params carries the live X1/X2/EDU/DEG_COD/college/dept/grade/
SCH_COD/USE_YR link values. The probe script (scripts/stage_probe.py) performs
only POST /api/auth/login + GET /api/stage and never prints the password or
the session cookie value.

(Probe executed but results not yet recorded above.)

================================================================================
LIVE RUN 2026-08-28 10:33 CST (Asia/Taipei) — compose app freshly rebuilt
with the write-path code (this same run also re-validate the in-flight
Studfun-link params case-insensitivity: the live link mixes `x1`/`X2` case
and params must still parse).

cmd:
  uv run --python 3.12 --project backend python -u scripts/stage_probe.py \
    --creds-env /tmp/ulw-creds.env --base-url http://localhost

login: HTTP 200 (student M153****24)
GET /api/stage: HTTP 200
{
  "stage": "加退選",
  "variant": "ssform",
  "params": {
    "X1": "20260828090000",
    "X2": "20260831170000",
    "EDU": "",
    "DEG_COD": "",
    "college": "",
    "dept": "",
    "grade": "",
    "SCH_COD": "",
    "USE_YR": ""
  },
  "need_confirmation": false,
  "writable": true,
  "reason": "ssform_link",
  "checked_at": "2026-08-28T10:33:14+08:00"
}
STAGE_EXIT=0

VERDICT: PASS - stage=加退選, variant=ssform, writable=true with the live
X1/X2 window bounds carried (read-only: login + GET /api/stage only).
