qa/14-csrf.log — todo 14 CSRF evidence: double-submit cookie (csrf_{session_id}, httpOnly+Secure+SameSite=Lax, 900s) vs X-CSRF-Token header on /api/write/*; missing -> 403, wrong -> 403, right -> pass+fresh-TTL slide; login mint+echo, rotate on fresh login (hermetic)
date: 2026-08-28 06:01 CST  host uv run, no compose contact, no live school traffic

== uv run python -m scripts.qa14_evidence --scenario csrf ==
[OK] csrf#1 X-CSRF-Token 缺 -> 403, school untouched
[OK] csrf#2 token 不符 -> 403
[OK] csrf#3 token 正確 -> gate 通過 (closed stage 409)
[OK] csrf#4 通過後滑動續期 Max-Age=900
[OK] csrf#5 login 發 csrf_{session_id} cookie (httpOnly+Secure+Lax+900s)
[OK] csrf#6 body 回顯 token == cookie 值 (httpOnly 下同源通道)
[OK] csrf#7 重新登入 rotate
RESULT: PASS

== uv run pytest tests/test_write_csrf.py -v ==
============================= test session starts ==============================
platform darwin -- Python 3.12.12, pytest-9.1.1, pluggy-1.6.0
rootdir: /Users/timmy/Code/nsysu_crs/backend
configfile: pyproject.toml
plugins: anyio-4.14.2
collected 8 items

tests/test_write_csrf.py ........                                        [100%]

tests/test_write_csrf.py::test_logout_deletes_the_csrf_cookie
tests/test_write_csrf.py::test_missing_header_is_403_and_never_touches_the_school
tests/test_write_csrf.py::test_wrong_token_is_403_and_never_touches_the_school
tests/test_write_csrf.py::test_right_token_passes_and_slides_the_cookie_ttl

======================== 8 passed, 4 warnings in 0.30s =========================
