qa/14-invalid.log — todo 14 failure-path evidence: 16 distinct invalid combos -> per-op verdicts / typed 400s / 409 / 401 all explicit (fixture-driven, hermetic)
date: 2026-08-28 06:01 CST  host uv run, no compose contact, no live school traffic

== uv run python -m scripts.qa14_evidence --scenario invalid ==
[OK] invalid#1 未知識別 -> verdict 無課號
[OK] invalid#2 code 為 NULL -> verdict 無課號
[OK] invalid#3 加選衝已選 -> verdict 衝堂 + the clashing code
[OK] invalid#4 同批加選互衝 -> verdict 衝堂 detail=先前者
[OK] invalid#5 退選不在已選 -> verdict 不在已選
[OK] invalid#6 同課同批 +- 混雜 -> both verdicts
[OK] invalid#7 加選缺志願 -> 400 priority_required
[OK] invalid#8 退選帶志願 -> 400 priority_forbidden
[OK] invalid#9 志願 21 越界 -> 400 priority_invalid
[OK] invalid#10 志願重複 -> 400 priority_duplicate
[OK] invalid#11 16 ops > ssform 15 -> 400 ops_limit_exceeded
[OK] invalid#12 退選課號打錯 -> 400 typed_confirmation_missing
[OK] invalid#13 關閉階段 -> 409 stage_unavailable
[OK] invalid#14 必修確認前置 -> 409 need_confirmation
[OK] invalid#15 selcrs 逾時 -> 401 SELCRS_EXPIRED
[OK] invalid#16 名額快照為 0 -> warning 不阻擋
RESULT: PASS

== uv run pytest tests/test_write_preview_api.py -v -k 'not happy and not fresh' ==
============================= test session starts ==============================
platform darwin -- Python 3.12.12, pytest-9.1.1, pluggy-1.6.0
rootdir: /Users/timmy/Code/nsysu_crs/backend
configfile: pyproject.toml
plugins: anyio-4.14.2
collected 24 items / 2 deselected / 22 selected

tests/test_write_preview_api.py ......................                   [100%]

tests/test_write_preview_api.py: 24 warnings

================ 22 passed, 2 deselected, 24 warnings in 0.41s =================

== uv run pytest tests/test_write_resolve_db.py -v (compose Postgres unreachable on host -> SKIP; runs in-container) ==
============================= test session starts ==============================
platform darwin -- Python 3.12.12, pytest-9.1.1, pluggy-1.6.0
rootdir: /Users/timmy/Code/nsysu_crs/backend
configfile: pyproject.toml
plugins: anyio-4.14.2
collected 4 items

tests/test_write_resolve_db.py ssss                                      [100%]

============================== 4 skipped in 0.14s ==============================
