qa/14-preview.log — todo 14 happy-path evidence: POST /api/write/preview (2 adds + 1 drop typed code) -> 200, replay payload deep-equal, single-use confirm_token minted (fixture-driven, hermetic)
date: 2026-08-28 06:01 CST  host uv run, no compose contact, no live school traffic

== uv run python -m scripts.qa14_evidence --scenario preview ==
[OK] happy: 2 adds 1 drop(typed code) -> HTTP 200 :: status=200
[OK] happy: batch writable
[OK] happy: per-op verdicts ok
[OK] happy: canonical_ops :: -:M3046243:|+:GEAE2526:01|+:MEME101B:02
[OK] happy: payload preview deep-equal to expectation :: 57 keys
[OK] happy: confirm_token minted :: 1owvgvgmqFYh9d_XGnB4L7Gr...
[OK] happy: confirm:{token} record fields
[OK] happy: confirm TTL == 300s
[OK] happy: payload_hash == sha256(student_no|canonical_ops)
[OK] happy: quota snapshot warnings (non-blocking)
[OK] freshness: stage probed fresh on every preview :: studfun=2 form=2
RESULT: PASS

== uv run pytest tests/test_write_preview_api.py -v -k 'happy or fresh' ==
============================= test session starts ==============================
platform darwin -- Python 3.12.12, pytest-9.1.1, pluggy-1.6.0
rootdir: /Users/timmy/Code/nsysu_crs/backend
configfile: pyproject.toml
plugins: anyio-4.14.2
collected 24 items / 22 deselected / 2 selected

tests/test_write_preview_api.py ..                                       [100%]

tests/test_write_preview_api.py::test_happy_two_adds_one_typed_drop_payload_deep_equal_and_token
tests/test_write_preview_api.py::test_stage_probe_is_fresh_on_every_preview
tests/test_write_preview_api.py::test_stage_probe_is_fresh_on_every_preview

================= 2 passed, 22 deselected, 3 warnings in 0.29s =================
