qa/15-idem.log — todo 15 idempotency evidence: double-submit -> school sees exactly 1 job; replay 409; re-preview+submit 409 carrying the existing job id (partial unique index atomic)
date: 2026-08-28 07:01 CST  compose-run, mocked school, REAL Postgres

== scenario: idem ==
--- scenario: idem ---
[OK] idem: first submit -> 202
[OK] idem: replay of the spent token -> 409
[OK] idem: re-preview+submit -> 409 carrying the existing job id :: job_id=2a618431-1283-4637-a85c-824568ed66f9
[OK] idem: exactly one ticket ever enqueued
RESULT: PASS

== pytest -v (submit boundary: replay/duplicate/ownership/re-auth/CSRF/token rules) ==
Downloading pygments (1.2MiB)
 Downloaded pygments
Installed 5 packages in 30ms
Bytecode compiled 459 files in 133ms
============================= test session starts ==============================
platform linux -- Python 3.12.12, pytest-9.1.1, pluggy-1.6.0 -- /root/.cache/uv/builds-v0/.tmpdBEDRN/bin/python
rootdir: /app
configfile: pyproject.toml
plugins: anyio-4.14.2
collecting ... collected 9 items / 1 deselected / 8 selected
tests/test_write_submit_api.py::test_unknown_token_is_409_without_any_school_call PASSED [ 12%]
tests/test_write_submit_api.py::test_replayed_token_is_409_and_school_sees_exactly_one_job PASSED [ 25%]
tests/test_write_submit_api.py::test_repreview_then_submit_is_409_carrying_the_existing_job_id PASSED [ 37%]
tests/test_write_submit_api.py::test_a_token_minted_by_another_student_is_409 PASSED [ 50%]
tests/test_write_submit_api.py::test_wrong_password_is_401_and_nothing_is_enqueued PASSED [ 62%]
tests/test_write_submit_api.py::test_submit_without_a_token_is_400 PASSED [ 75%]
tests/test_write_submit_api.py::test_submit_requires_csrf PASSED         [ 87%]
tests/test_write_submit_api.py::test_canonical_segments_constant_matches_output PASSED [100%]
.venv/lib/python3.12/site-packages/fastapi/testclient.py:1
================== 8 passed, 1 deselected, 1 warning in 0.86s ==================

== pytest -v (canonical spec: parse_canonical_segments + queue ticket) ==
Downloading pygments (1.2MiB)
 Downloaded pygments
Installed 5 packages in 27ms
Bytecode compiled 459 files in 127ms
============================= test session starts ==============================
platform linux -- Python 3.12.12, pytest-9.1.1, pluggy-1.6.0 -- /root/.cache/uv/builds-v0/.tmpv95huL/bin/python
rootdir: /app
configfile: pyproject.toml
plugins: anyio-4.14.2
collecting ... collected 14 items
tests/test_write_canonical_segments.py::test_roundtrip_mixed_batch PASSED [  7%]
tests/test_write_canonical_segments.py::test_parse_zero_padded_priority_returns_int PASSED [ 14%]
tests/test_write_canonical_segments.py::test_parse_plan_vector_shape PASSED [ 21%]
tests/test_write_canonical_segments.py::test_malformed_segments_raise[X:GEAE2526:] PASSED [ 28%]
tests/test_write_canonical_segments.py::test_malformed_segments_raise[+GEAE2526] PASSED [ 35%]
tests/test_write_canonical_segments.py::test_malformed_segments_raise[+:GEAE2526:] PASSED [ 42%]
tests/test_write_canonical_segments.py::test_malformed_segments_raise[-:M3046243:01] PASSED [ 50%]
tests/test_write_canonical_segments.py::test_malformed_segments_raise[::] PASSED [ 57%]
tests/test_write_canonical_segments.py::test_malformed_segments_raise[] PASSED [ 64%]
tests/test_write_queue.py::test_ticket_fields_are_the_whitelist PASSED   [ 71%]
tests/test_write_queue.py::test_serialized_ticket_carries_only_whitelisted_fields_and_no_secret_shape PASSED [ 78%]
tests/test_write_queue.py::test_roundtrip_and_corrupt_payload PASSED     [ 85%]
tests/test_write_queue.py::test_enqueue_rpush_onto_the_fifo PASSED       [ 92%]
tests/test_write_queue.py::test_loop_executes_a_popped_ticket_and_sweeps PASSED [100%]
============================== 14 passed in 0.43s ==============================
