qa/17-breaker.log — todo 17 breaker evidence: 連續 timeout→熔斷開→全站唯讀降級→探活恢復 [2026-08-28 09:39:57 CST]
(Acceptance: breaker 開/回可驗；login/stage/sync/preview 全 LOCAL 503 零外呼；banner 經 /api/ops/state；恢復需等待後探活連勝)

PART 1 — scripted timeouts drive the REAL app (hermetic stubs, FakeRedis; school-call counters prove ZERO outbound)
cmd: cd backend && uv run python -m scripts.qa17_breaker
--------------------------------------------------------------------------------
[OK] login SUCCESS (baseline, school healthy)
[OK] 5x UNKNOWN (timeout) -> 5x 503, breaker OPEN :: statuses=[503, 503, 503, 503, 503] streak=5
[OK] banner seam: /api/ops/state public shows open read-only, internals gate :: public={'breaker': {'state': 'open', 'mode': 'read-only', 'streak': None, 'opened_at': None, 'failure_threshold': None, 'recovery_after': None, 'probe_gate_seconds': None}, 'lockouts': None}
[OK] admin gate (X-App-Secret) reveals streak/thresholds/lockouts :: admin=5 lockouts=0
[OK] login -> LOCAL 503, ZERO outbound :: body={"detail":"school_unavailable"} school_calls=6
[OK] GET /api/stage -> LOCAL 503, zero Studfun calls :: {"detail":"school_unavailable"}
[OK] POST /api/me/selections/sync -> LOCAL 503, zero slt_result calls :: {"detail":"school_unavailable"}
[OK] POST /api/write/preview -> LOCAL 503, zero stage probes (write entrance hard-off) :: {"detail":"school_unavailable"}
[OK] recovery: elapsed wait + coherent probe -> breaker CLOSED :: login=200 state=closed
[OK] 5x UNKNOWN (timeout) -> 5x 503, breaker OPEN :: statuses=[503, 503, 503, 503, 503] streak=5
[OK] half-open probe FAILS (school still down): 503 via exactly one school call :: school_calls=13
[OK] wait re-stamped: immediate retry refused LOCALLY (zero outbound) :: school_calls=13
[OK] probe-alive success after the wait -> CLOSED and serving
exit=0

PART 2 — pytest (site-wide open/refuse/recover + ops-state gate matrix + unit state machine)
cmd: cd backend && uv run pytest tests/test_breaker_sitewide.py tests/test_ops_state.py tests/test_auth_breaker.py -v -p no:cacheprovider
--------------------------------------------------------------------------------
configfile: pyproject.toml
plugins: anyio-4.14.2
collected 12 items

tests/test_breaker_sitewide.py ...                                       [ 25%]
tests/test_ops_state.py .....                                            [ 66%]
tests/test_auth_breaker.py ....                                          [100%]

=============================== warnings summary ===============================
tests/test_breaker_sitewide.py::test_open_refuses_everything_school_touching_then_recovers
tests/test_breaker_sitewide.py::test_open_refuses_everything_school_touching_then_recovers
tests/test_breaker_sitewide.py::test_open_refuses_everything_school_touching_then_recovers
tests/test_breaker_sitewide.py::test_preview_probe_outcomes_feed_and_close_the_breaker
  /Users/timmy/Code/nsysu_crs/backend/.venv/lib/python3.12/site-packages/starlette/testclient.py:455: DeprecationWarning: Setting per-request cookies=<...> is being deprecated, because the expected behaviour on cookie persistence is ambiguous. Set cookies directly on the client instance instead.
    return super().request(

-- Docs: https://docs.pytest.org/en/stable/how-to/capture-warnings.html
======================== 12 passed, 4 warnings in 0.37s ========================
