[15:22:54] === stu_enroll M0 capture round (anonymous solve-rate) ===
[15:22:54] outbound calls: login POST + captcha BMPs + pure GET reads only; ledger printed at end.
[15:22:54] -> CALL 1: GET https://selcrs.nsysu.edu.tw/stu_enroll/
[15:22:54] saved stuenroll_login_live_1151.html (+.txt), 32414 bytes
[15:22:54]   login form: action='stu_enroll_loginchk.asp', inputs=['ID', 'IDtmp', 'ValidCode', 'b1', 'passwd', 'passwdtmp'], missing=none
[15:22:54] -> CALL 2: GET validcode.asp?epoch=<ms>
[15:22:55] saved stuenroll_validcode_live_1151.bmp, 8982 bytes
[15:22:55]   sample 1/2: 4 chars, 4-digit=False
[15:22:55] -> CALL 3: GET validcode.asp?epoch=<ms>
[15:22:55]   sample 2/2: 4 chars, 4-digit=True
[15:22:55] -> CALL 4: GET https://selcrs.nsysu.edu.tw/scoreqry/
[15:22:55] saved stuenroll_sco_login_live_1151.html (+.txt), 6380 bytes
[15:22:55] anonymous round complete (no login POST performed).
[15:22:55] --- OUTBOUND CALL ENUMERATION (all calls this round) ---
[15:22:55]   1. GET https://selcrs.nsysu.edu.tw/stu_enroll/
     read-only because: public login page; seeds the cookie lineage
[15:22:55]   2. GET validcode.asp?epoch=<ms>
     read-only because: captcha BMP fetch; the answer is bound to this session lineage
[15:22:55]   3. GET validcode.asp?epoch=<ms>
     read-only because: captcha BMP fetch; the answer is bound to this session lineage
[15:22:55]   4. GET https://selcrs.nsysu.edu.tw/scoreqry/
     read-only because: sco public login page (anonymous; separate subsystem)
[15:22:55] total outbound calls: 4
